------------------------------------------------------------
Timing Analyzer Summary
------------------------------------------------------------

Type  : Slow 1100mV 85C Model Setup 'clk'
Slack : -5.481
TNS   : -63.069

Type  : Slow 1100mV 85C Model Hold 'clk'
Slack : 0.632
TNS   : 0.000

Type  : Slow 1100mV 85C Model Minimum Pulse Width 'clk'
Slack : -0.394
TNS   : -15.478

Type  : Slow 1100mV 0C Model Setup 'clk'
Slack : -5.439
TNS   : -60.875

Type  : Slow 1100mV 0C Model Hold 'clk'
Slack : 0.622
TNS   : 0.000

Type  : Slow 1100mV 0C Model Minimum Pulse Width 'clk'
Slack : -0.394
TNS   : -14.156

Type  : Fast 1100mV 85C Model Setup 'clk'
Slack : -2.827
TNS   : -28.330

Type  : Fast 1100mV 85C Model Hold 'clk'
Slack : 0.300
TNS   : 0.000

Type  : Fast 1100mV 85C Model Minimum Pulse Width 'clk'
Slack : -0.389
TNS   : -10.545

Type  : Fast 1100mV 0C Model Setup 'clk'
Slack : -2.500
TNS   : -23.767

Type  : Fast 1100mV 0C Model Hold 'clk'
Slack : 0.292
TNS   : 0.000

Type  : Fast 1100mV 0C Model Minimum Pulse Width 'clk'
Slack : -0.430
TNS   : -12.837

------------------------------------------------------------
